
> [ERROR] COMPILATION ERROR : 
  [INFO] ------------------------
---------------------------------
----
> [ERROR] /E:/Textiles-E_Com/whit
ehouse-backend/src/main/java/com/
whitehouse/repository/ReviewRepos
itory.java:[4,51] package org.spr
ingframework.data.mongodb.reposit
ory does not exist
> [ERROR] /E:/Textiles-E_Com/whit
ehouse-backend/src/main/java/com/
whitehouse/repository/ReviewRepos
itory.java:[10,43] cannot find 
symbol
    symbol: class MongoRepository
> [ERROR] /E:/Textiles-E_Com/whit
ehouse-backend/src/main/java/com/
whitehouse/model/Review.java:[4,4
3] package org.springframework.da
ta.annotation does not exist
> [ERROR] /E:/Textiles-E_Com/whit
ehouse-backend/src/main/java/com/
whitehouse/model/Review.java:[5,5
3] package org.springframework.da
ta.mongodb.core.mapping does not 
exist
> [ERROR] /E:/Textiles-E_Com/whit
ehouse-backend/src/main/java/com/
whitehouse/model/Review.java:[9,2
] cannot find symbol
    symbol: class Document
> [ERROR] /E:/Textiles-E_Com/whit
ehouse-backend/src/main/java/com/
whitehouse/model/Review.java:[11,
6] cannot find symbol
    symbol:   class Id
    location: class 
com.whitehouse.model.Review
> [ERROR] Failed to execute goal 
org.apache.maven.plugins:maven-co
mpiler-plugin:3.11.0:compile 
(default-compile) on project 
whitehouse-backend: Compilation 
failure: Compilation failure: 
> [ERROR] /E:/Textiles-E_Com/whit
ehouse-backend/src/main/java/com/
whitehouse/repository/ReviewRepos
itory.java:[4,51] package org.spr
ingframework.data.mongodb.reposit
ory does not exist
> [ERROR] /E:/Textiles-E_Com/whit
ehouse-backend/src/main/java/com/
whitehouse/repository/ReviewRepos
itory.java:[10,43] cannot find 
symbol
> [ERROR]   symbol: class 
MongoRepository
> [ERROR] /E:/Textiles-E_Com/whit
ehouse-backend/src/main/java/com/
whitehouse/model/Review.java:[4,4
3] package org.springframework.da
ta.annotation does not exist
> [ERROR] /E:/Textiles-E_Com/whit
ehouse-backend/src/main/java/com/
whitehouse/model/Review.java:[5,5
3] package org.springframework.da
ta.mongodb.core.mapping does not 
exist
> [ERROR] /E:/Textiles-E_Com/whit
ehouse-backend/src/main/java/com/
whitehouse/model/Review.java:[9,2
] cannot find symbol
> [ERROR]   symbol: class 
Document
> [ERROR] /E:/Textiles-E_Com/whit
ehouse-backend/src/main/java/com/
whitehouse/model/Review.java:[11,
6] cannot find symbol
> [ERROR]   symbol:   class Id
> [ERROR]   location: class 
com.whitehouse.model.Review
> [ERROR] -> [Help 1]
> [ERROR] 
> [ERROR] To see the full stack 
trace of the errors, re-run 
Maven with the -e switch.
> [ERROR] Re-run Maven using the 
-X switch to enable full debug 
logging.
> [ERROR] 
> [ERROR] For more information 
about the errors and possible 
solutions, please read the 
following articles:
> [ERROR] [Help 1] http://cwiki.a
pache.org/confluence/display/MAVE
N/MojoFailureException


